// Jest Snapshot v1, https://goo.gl/fbAQLP

exports[`renders login screen correctly 1`] = `
<View
  accessibilityIgnoresInvertColors={true}
  style={
    {
      "flex": 1,
      "resizeMode": "cover",
    }
  }
>
  <Image
    source={
      {
        "testUri": "../../../assets/images/main-background.jpg",
      }
    }
    style={
      [
        {
          "bottom": 0,
          "left": 0,
          "position": "absolute",
          "right": 0,
          "top": 0,
        },
        {
          "height": undefined,
          "width": undefined,
        },
        undefined,
      ]
    }
  />
  <View
    onLayout={[Function]}
    style={
      [
        {
          "flex": 1,
        },
        {
          "paddingBottom": 0,
        },
      ]
    }
  >
    <RCTScrollView
      contentContainerStyle={
        {
          "alignItems": "center",
          "flexGrow": 1,
          "justifyContent": "center",
          "padding": 20,
        }
      }
    >
      <View>
        <View
          style={
            {
              "backgroundColor": "rgba(0,0,0,0.6)",
              "borderRadius": 20,
              "maxWidth": 400,
              "padding": 20,
              "width": "100%",
            }
          }
        >
          <Text
            style={
              {
                "color": "white",
                "fontSize": 28,
                "marginBottom": 20,
                "textAlign": "center",
              }
            }
          >
            Login
          </Text>
          <View
            style={
              {
                "marginBottom": 12,
              }
            }
          >
            <Text
              style={
                {
                  "color": "#fff",
                  "fontWeight": "bold",
                  "marginBottom": 4,
                }
              }
            >
              Email
            </Text>
            <TextInput
              accessibilityLabel="Email input"
              autoCapitalize="none"
              keyboardType="email-address"
              onChangeText={[Function]}
              placeholder="Enter your email"
              secureTextEntry={false}
              style={
                [
                  {
                    "backgroundColor": "#fff",
                    "borderRadius": 8,
                    "fontSize": 15,
                    "paddingHorizontal": 12,
                    "paddingVertical": 10,
                  },
                  undefined,
                ]
              }
              testID="emailInput"
              value=""
            />
          </View>
          <View
            style={
              {
                "marginBottom": 12,
              }
            }
          >
            <Text
              style={
                {
                  "color": "#fff",
                  "fontWeight": "bold",
                  "marginBottom": 4,
                }
              }
            >
              Password
            </Text>
            <TextInput
              accessibilityLabel="Password input"
              autoCapitalize="none"
              keyboardType="default"
              onChangeText={[Function]}
              placeholder="Enter your password"
              secureTextEntry={true}
              style={
                [
                  {
                    "backgroundColor": "#fff",
                    "borderRadius": 8,
                    "fontSize": 15,
                    "paddingHorizontal": 12,
                    "paddingVertical": 10,
                  },
                  undefined,
                ]
              }
              testID="passwordInput"
              value=""
            />
          </View>
          <View
            accessibilityState={
              {
                "busy": undefined,
                "checked": undefined,
                "disabled": undefined,
                "expanded": undefined,
                "selected": undefined,
              }
            }
            accessibilityValue={
              {
                "max": undefined,
                "min": undefined,
                "now": undefined,
                "text": undefined,
              }
            }
            accessible={true}
            collapsable={false}
            focusable={false}
            onClick={[Function]}
            onResponderGrant={[Function]}
            onResponderMove={[Function]}
            onResponderRelease={[Function]}
            onResponderTerminate={[Function]}
            onResponderTerminationRequest={[Function]}
            onStartShouldSetResponder={[Function]}
            style={
              {
                "alignSelf": "flex-end",
                "marginBottom": 10,
                "opacity": 1,
              }
            }
          >
            <Text
              style={
                {
                  "color": "#fff",
                  "fontWeight": "bold",
                  "textDecorationLine": "underline",
                }
              }
            >
              Forgot Password?
            </Text>
          </View>
          <View
            accessibilityLabel="Login button"
            accessibilityState={
              {
                "busy": undefined,
                "checked": undefined,
                "disabled": undefined,
                "expanded": undefined,
                "selected": undefined,
              }
            }
            accessibilityValue={
              {
                "max": undefined,
                "min": undefined,
                "now": undefined,
                "text": undefined,
              }
            }
            accessible={true}
            collapsable={false}
            focusable={true}
            onClick={[Function]}
            onResponderGrant={[Function]}
            onResponderMove={[Function]}
            onResponderRelease={[Function]}
            onResponderTerminate={[Function]}
            onResponderTerminationRequest={[Function]}
            onStartShouldSetResponder={[Function]}
            style={
              {
                "alignItems": "center",
                "backgroundColor": "#fff",
                "borderRadius": 40,
                "marginTop": 10,
                "opacity": 1,
                "paddingVertical": 12,
              }
            }
            testID="loginButton"
          >
            <Text
              style={
                {
                  "color": "#000",
                  "fontSize": 16,
                  "fontWeight": "bold",
                }
              }
            >
              Log in
            </Text>
          </View>
          <View
            accessibilityState={
              {
                "busy": undefined,
                "checked": undefined,
                "disabled": undefined,
                "expanded": undefined,
                "selected": undefined,
              }
            }
            accessibilityValue={
              {
                "max": undefined,
                "min": undefined,
                "now": undefined,
                "text": undefined,
              }
            }
            accessible={true}
            collapsable={false}
            focusable={true}
            onClick={[Function]}
            onResponderGrant={[Function]}
            onResponderMove={[Function]}
            onResponderRelease={[Function]}
            onResponderTerminate={[Function]}
            onResponderTerminationRequest={[Function]}
            onStartShouldSetResponder={[Function]}
            style={
              {
                "marginTop": 15,
                "opacity": 1,
              }
            }
          >
            <Text
              style={
                {
                  "color": "#fff",
                  "fontSize": 14,
                  "textAlign": "center",
                }
              }
            >
              Donâ€™t have an account?
               
              <Text
                style={
                  {
                    "color": "#fff",
                    "fontWeight": "bold",
                    "textDecorationLine": "underline",
                  }
                }
              >
                Register!
              </Text>
            </Text>
          </View>
        </View>
      </View>
    </RCTScrollView>
  </View>
</View>
`;
